
> rest-express@1.0.0 build
> bash scripts/build-with-diagnostics.sh

==================================================
Starting Production Build with Diagnostics
==================================================

Node memory limit: --max-old-space-size=2048

[1/4] Cleaning previous build artifacts...
✓ Completed in 0 seconds

[2/4] Building frontend with Vite...
  - Compiling TypeScript
  - Bundling assets
  - Generating production files
vite v5.4.20 building for production...
transforming...

A PostCSS plugin did not pass the `from` option to `postcss.parse`. This may cause imported assets to be incorrectly transformed. If you've recently added a PostCSS plugin that raised this warning, please contact the package author to fix the issue.
✓ 2415 modules transformed.
rendering chunks...
computing gzip size...
../dist/public/index.html                     1.11 kB │ gzip:   0.60 kB
../dist/public/assets/index-DLMz-j07.css    131.37 kB │ gzip:  20.09 kB
../dist/public/assets/index-CY5_VXrv.js   1,261.30 kB │ gzip: 331.62 kB

(!) Some chunks are larger than 1000 kB after minification. Consider:
- Using dynamic import() to code-split the application
- Use build.rollupOptions.output.manualChunks to improve chunking: https://rollupjs.org/configuration-options/#output-manualchunks
- Adjust chunk size limit for this warning via build.chunkSizeWarningLimit.
✓ built in 16.57s
✓ Completed in 19 seconds

[3/4] Bundling backend with esbuild...
  - Compiling server code
  - Creating Node.js bundle

  dist/index.js  297.1kb

⚡ Done in 30ms
✓ Completed in 1 seconds

[4/4] Verifying build output...
✓ Build verification passed
  - Backend bundle: 300K
  - Frontend assets: 1.4M
✓ Completed in 0 seconds

==================================================
✅ Production Build Completed Successfully!
==================================================

Next steps:
  1. Set environment variables (MONGODB_URI, SESSION_SECRET, etc.)
  2. Run: npm start

